// Jest Snapshot v1, https://goo.gl/fbAQLP

exports[`Share should render correctly in 'debug' mode 1`] = `
<ShareComponent
  debug={true}
/>
`;
