// Jest Snapshot v1, https://goo.gl/fbAQLP

exports[`NotificationItem should render correctly in "debug" mode 1`] = `<div />`;
