// Jest Snapshot v1, https://goo.gl/fbAQLP

exports[`Spacer should render correctly in "debug" mode 1`] = `
<div
  className="spacer"
>
  Â 
</div>
`;
