// Jest Snapshot v1, https://goo.gl/fbAQLP

exports[`Notifications should render correctly in "debug" mode 1`] = `
<div
  style={
    Object {
      "margin": "50px",
    }
  }
>
  <h1>
    Notifications
  </h1>
  <NotificationsList
    debug={true}
    inboxes={Array []}
  />
</div>
`;
