// Jest Snapshot v1, https://goo.gl/fbAQLP

exports[`ErrorBoundary should render correctly in "debug" mode 1`] = `""`;
